
> temp-app@0.1.0 build
> next build

Ôû▓ Next.js 16.1.6 (Turbopack)

  Creating an optimized production build ...
Ô£ô Compiled successfully in 11.4s
  Running TypeScript ...
node.exe : Failed to compile.
At C:\Users\hp\AppData\Roaming\npm\npm.ps1:24 char:5
+     & "node$exe"  "$basedir/node_modules/npm/bin/npm-cli.js" $args
+     ~~~~~~~~~~~~~~~~~~~~~~~~~~~~~~~~~~~~~~~~~~~~~~~~~~~~~~~~~~~~~~
    + CategoryInfo          : NotSpecified: (Failed to compile.:String) [], RemoteException
    + FullyQualifiedErrorId : NativeCommandError
 

./src/app/admin/orders/page.tsx:282:190
Type error: Type 'string' is not assignable to type 'boolean | undefined'.

[0m [90m 280 |[39m [33m<[39m[33mp[39m className[33m=[39m[32m"text-xs font-medium 
text-slate-500"[39m[33m>[39m[33mShowing[39m [35m1[39m to [35m5[39m [36mof[39m 
[35m1[39m[33m,[39m[35m284[39m results[33m<[39m[33m/[39m[33mp[39m[33m>[39m
 [90m 281 |[39m [33m<[39m[33mdiv[39m className[33m=[39m[32m"flex gap-2"[39m[33m>[39m
[31m[1m>[22m[39m[90m 282 |[39m [33m<[39m[33mbutton[39m className[33m=[39m[32m"px-3 py-1.5 border 
border-slate-200 dark:border-slate-700 rounded-lg text-xs font-bold bg-white dark:bg-slate-900 text-slate-600 
dark:text-slate-400 disabled:opacity-50"[39m 
disabled[33m=[39m[32m""[39m[33m>[39m[33mPrevious[39m[33m<[39m[33m/[39m[33mbutton[39m[33m>[39m
 [90m     |[39m                                                                                              
                                                                                                
[31m[1m^[22m[39m
 [90m 283 |[39m [33m<[39m[33mbutton[39m className[33m=[39m[32m"px-3 py-1.5 border border-slate-200 
dark:border-slate-700 rounded-lg text-xs font-bold bg-white dark:bg-slate-900 text-slate-600 
dark:text-slate-400"[39m[33m>[39m[33mNext[39m[33m<[39m[33m/[39m[33mbutton[39m[33m>[39m
 [90m 284 |[39m [33m<[39m[33m/[39m[33mdiv[39m[33m>[39m
 [90m 285 |[39m [33m<[39m[33m/[39m[33mdiv[39m[33m>[39m[0m
Next.js build worker exited with code: 1 and signal: null
